var i;
for i := 1 to 9 do
    var j;
    for j := 1 to 10 do
        write i * j;
    end
end
